---
source: crates/cicada-lang/tests/checker.rs
expression: "check(\"# cicada 1\\n\\\n         amps = slider(valu=12.0)\\n\\\n         c = circel(radius=amps)\\n\\\n         m = move(geometry=ptz, motion=amps)\\n\\\n         pts = scatter(count=100, seed=7)\\n\")"
---
[
  {
    "fix": {
      "label": "did you mean `value`?",
      "replacement": "value"
    },
    "kind": "unknown_kwarg",
    "message": "`slider` has no port `valu` (ports: value, min, max, step)",
    "node": "amps",
    "span": {
      "col_end": 18,
      "col_start": 14,
      "line": 2
    }
  },
  {
    "fix": {
      "label": "did you mean `circle`?",
      "replacement": "circle"
    },
    "kind": "unknown_node",
    "message": "no node named `circel` in the catalog",
    "node": "c",
    "span": {
      "col_end": 10,
      "col_start": 4,
      "line": 3
    }
  },
  {
    "fix": {
      "label": "did you mean `pts`?",
      "replacement": "pts"
    },
    "kind": "unknown_name",
    "message": "nothing binds `ptz`",
    "node": "m",
    "span": {
      "col_end": 21,
      "col_start": 18,
      "line": 4
    }
  },
  {
    "actual": "Number",
    "expected": "Vector",
    "kind": "type_mismatch",
    "message": "Number into a Vector port",
    "node": "m",
    "span": {
      "col_end": 34,
      "col_start": 30,
      "line": 4
    }
  }
]
